.................                                                        [100%]
17 passed in 15.36s
